// Jest Snapshot v1, https://goo.gl/fbAQLP

exports[`IconComponent render no error 1`] = `
<div>
  <i
    aria-hidden="true"
    class="fa fa-smile-o  Icon__IconStyled-biexjw-0 dQVOQN"
    data-testid="icon"
  />
</div>
`;
