// Jest Snapshot v1, https://goo.gl/fbAQLP

exports[`Keyframe animations render snapshot 1`] = `
.c0 {
  -webkit-animation: bcCCNc;
  animation: bcCCNc;
}

<div>
  <div
    class="c0"
  />
</div>
`;
